[36mvite v8.0.1 [32mbuilding client environment for production...[36m[39m
[2Ktransforming...✓ 74 modules transformed.
Error: Cannot apply unknown utility class `text-gray-900`. Are you using CSS modules or similar and missing `@reference`? https://tailwindcss.com/docs/functions-and-directives#reference-directive
    at onInvalidCandidate (C:\Users\hp\troopmate\troop 1.2\LeadOS\frontend\node_modules\tailwindcss\dist\lib.js:21:1314)
    at Ee (C:\Users\hp\troopmate\troop 1.2\LeadOS\frontend\node_modules\tailwindcss\dist\lib.js:16:37066)
    at C:\Users\hp\troopmate\troop 1.2\LeadOS\frontend\node_modules\tailwindcss\dist\lib.js:21:355
    at _r (C:\Users\hp\troopmate\troop 1.2\LeadOS\frontend\node_modules\tailwindcss\dist\lib.js:3:1733)
    at I (C:\Users\hp\troopmate\troop 1.2\LeadOS\frontend\node_modules\tailwindcss\dist\lib.js:3:1377)
    at Te (C:\Users\hp\troopmate\troop 1.2\LeadOS\frontend\node_modules\tailwindcss\dist\lib.js:21:172)
    at mn (C:\Users\hp\troopmate\troop 1.2\LeadOS\frontend\node_modules\tailwindcss\dist\lib.js:38:294)
    at async gn (C:\Users\hp\troopmate\troop 1.2\LeadOS\frontend\node_modules\tailwindcss\dist\lib.js:38:631)
    at async Xr (C:\Users\hp\troopmate\troop 1.2\LeadOS\frontend\node_modules\@tailwindcss\node\dist\index.js:10:3416)
    at async N (C:\Users\hp\troopmate\troop 1.2\LeadOS\frontend\node_modules\@tailwindcss\postcss\dist\index.js:10:3979)
[31m✗[39m Build failed in 695ms
[31merror during build:
[31mBuild failed with 1 error:

[plugin vite:css] C:/Users/hp/troopmate/troop 1.2/LeadOS/frontend/src/index.css:1:0
CssSyntaxError: [postcss] tailwindcss: C:/Users/hp/troopmate/troop 1.2/LeadOS/frontend/src/index.css:1:1: Cannot apply unknown utility class `text-gray-900`. Are you using CSS modules or similar and missing `@reference`? https://tailwindcss.com/docs/functions-and-directives#reference-directive
    at Input.error (C:\Users\hp\troopmate\troop 1.2\LeadOS\frontend\node_modules\postcss\lib\input.js:135:16)
    at Root.error (C:\Users\hp\troopmate\troop 1.2\LeadOS\frontend\node_modules\postcss\lib\node.js:146:32)
    at Object.Once (C:\Users\hp\troopmate\troop 1.2\LeadOS\frontend\node_modules\@tailwindcss\postcss\dist\index.js:10:6913)
    at async LazyResult.runAsync (C:\Users\hp\troopmate\troop 1.2\LeadOS\frontend\node_modules\postcss\lib\lazy-result.js:293:11)
    at async runPostCSS (file:///C:/Users/hp/troopmate/troop%201.2/LeadOS/frontend/node_modules/vite/dist/node/chunks/node.js:20932:19)
    at async compilePostCSS (file:///C:/Users/hp/troopmate/troop%201.2/LeadOS/frontend/node_modules/vite/dist/node/chunks/node.js:20916:6)
    at async compileCSS (file:///C:/Users/hp/troopmate/troop%201.2/LeadOS/frontend/node_modules/vite/dist/node/chunks/node.js:20846:26)
    at async TransformPluginContextImpl.handler (file:///C:/Users/hp/troopmate/troop%201.2/LeadOS/frontend/node_modules/vite/dist/node/chunks/node.js:20362:47)
    at async plugin (file:///C:/Users/hp/troopmate/troop%201.2/LeadOS/frontend/node_modules/rolldown/dist/shared/bindingify-input-options-DoaqRULI.mjs:1111:16)
    at async plugin.<computed> (file:///C:/Users/hp/troopmate/troop%201.2/LeadOS/frontend/node_modules/rolldown/dist/shared/bindingify-input-options-DoaqRULI.mjs:1575:12)[31m
    at aggregateBindingErrorsIntoJsError (file:///C:/Users/hp/troopmate/troop%201.2/LeadOS/frontend/node_modules/rolldown/dist/shared/error-BO4SlZV_.mjs:48:18)
    at unwrapBindingResult (file:///C:/Users/hp/troopmate/troop%201.2/LeadOS/frontend/node_modules/rolldown/dist/shared/error-BO4SlZV_.mjs:18:128)
    at #build (file:///C:/Users/hp/troopmate/troop%201.2/LeadOS/frontend/node_modules/rolldown/dist/shared/rolldown-build-yQC7KN8K.mjs:3311:34)
    at async buildEnvironment (file:///C:/Users/hp/troopmate/troop%201.2/LeadOS/frontend/node_modules/vite/dist/node/chunks/node.js:32817:64)
    at async Object.build (file:///C:/Users/hp/troopmate/troop%201.2/LeadOS/frontend/node_modules/vite/dist/node/chunks/node.js:33239:19)
    at async Object.buildApp (file:///C:/Users/hp/troopmate/troop%201.2/LeadOS/frontend/node_modules/vite/dist/node/chunks/node.js:33236:153)
    at async CAC.<anonymous> (file:///C:/Users/hp/troopmate/troop%201.2/LeadOS/frontend/node_modules/vite/dist/node/cli.js:778:3) {
  errors: [Getter/Setter]
}[39m
